­ƒº¬ Testing code generation through console interface

[dotenv@17.2.3] injecting env (16) from .env -- tip: ­ƒöÉ prevent building .env in docker: https://dotenvx.com/prebuild

[dotenv@17.2.3] injecting env (0) from .env -- tip: ­ƒöÉ prevent committing .env to code: https://dotenvx.com/precommit

­ƒñû Discord Bot - Console Mode

Environment: development

­ƒöì Validating routing configuration...
­ƒöì Validating routing configuration...
Ô£à Routing configuration valid
   Mode: hybrid
   Tiers configured: INSTANT, SMART, THINKING, CODING

   Router model: mistralai/mistral-7b-instruct:free
Ô£à Routing configuration valid

­ƒôè Routing Configuration Summary:
   Mode: hybrid

   Router: mistralai/mistral-7b-instruct:free
   Confidence threshold: 80%

   Tier Models:
   - INSTANT    ÔåÆ xiaomi/mimo-v2-flash:free
   - SMART      ÔåÆ openai/gpt-oss-120b:free
   - THINKING   ÔåÆ allenai/olmo-3.1-32b-think:free
   - CODING     ÔåÆ minimax/minimax-m2.1


Registered MCP tool: get_time

Registered MCP tool: searxng_search
Registered MCP tool: fetch_url
Registered MCP tool: minecraft_status

Registered MCP tool: github_repo
Registered MCP tool: calculate
Registered MCP tool: convert_units

Registered MCP tool: convert_currency
Registered MCP tool: info_utils
Registered 9 MCP tools


ÔòöÔòÉÔòÉÔòÉÔòÉÔòÉÔòÉÔòÉÔòÉÔòÉÔòÉÔòÉÔòÉÔòÉÔòÉÔòÉÔòÉÔòÉÔòÉÔòÉÔòÉÔòÉÔòÉÔòÉÔòÉÔòÉÔòÉÔòÉÔòÉÔòÉÔòÉÔòÉÔòÉÔòÉÔòÉÔòÉÔòÉÔòÉÔòÉÔòÉÔòÉÔòÉÔòÉÔòÉÔòÉÔòÉÔòÉÔòÉÔòÉÔòÉÔòÉÔòÉÔòÉÔòÉÔòÉÔòÉÔòÉÔòÉÔòÉÔòÉÔòÉÔòÉÔòÉÔòÉÔòÉÔòù

Ôòæ          ­ƒñû Discord Bot - Console Chat Mode ­ƒñû               Ôòæ
ÔòÜÔòÉÔòÉÔòÉÔòÉÔòÉÔòÉÔòÉÔòÉÔòÉÔòÉÔòÉÔòÉÔòÉÔòÉÔòÉÔòÉÔòÉÔòÉÔòÉÔòÉÔòÉÔòÉÔòÉÔòÉÔòÉÔòÉÔòÉÔòÉÔòÉÔòÉÔòÉÔòÉÔòÉÔòÉÔòÉÔòÉÔòÉÔòÉÔòÉÔòÉÔòÉÔòÉÔòÉÔòÉÔòÉÔòÉÔòÉÔòÉÔòÉÔòÉÔòÉÔòÉÔòÉÔòÉÔòÉÔòÉÔòÉÔòÉÔòÉÔòÉÔòÉÔòÉÔòÉÔòÉÔòØ

­ƒôØ Type your messages to chat with the bot
­ƒÄ¡ Use persona names (emma, alex, max) to switch personas
­ƒÆí Commands:
   /personas - List available personas
   /persona <name> - Set active persona
   /clear - Clear conversation history
   /help - Show this help message
   /exit or /quit - Exit console chat


> 


=== SENDING CODE REQUEST ===

Ô£ô Persona detected: emma from message: "Emma code me a simple calculator app in react..."

­ƒÄ¡ Detected persona: emma


­ƒñö Thinking...


­ƒöì ROUTING ANALYSIS START

­ƒôØ Message: "Emma code me a simple calculator app in react"
­ƒôÅ Length: 45 chars, 9 words

­ƒÜ® Flags detected:

   ÔÇó containsCode: true
   ÔÇó isGreeting: false
   ÔÇó isShortQuery: false
   ÔÇó needsTools: false
   ÔÇó needsSearch: false
   ÔÇó explicitDepthRequest: false

   ÔÇó needsLongContext: false


­ƒñû HEURISTIC ROUTING:
   Ô£à Rule 2 matched: Code/coding request detected

   ­ƒôè Heuristic decision: CODING (95% confidence)
   ­ƒôØ Reason: Code detected in message
   ­ƒÄ» Model: minimax/minimax-m2.1

Ô£à FINAL DECISION: Using heuristic result
   ­ƒÄ» Tier: CODING
   ­ƒôè Confidence: 95% (>= 80% threshold)

   ­ƒñû Model: minimax/minimax-m2.1
­ƒöì ROUTING ANALYSIS END

­ƒÄ» Using model: minimax/minimax-m2.1 (CODING tier)
­ƒÆ¡ Reason: Code detected in message

­ƒº¬ CODING tier detected - routing to project handler

­ƒÄ» [PROJECT ROUTER] Analyzing request...

­ƒÄ» [PROJECT ROUTER] ÔåÆ static_html
­ƒôª Project Type: static_html

­ƒôª Preview Allowed: true

­ƒôª Requires Build: false
­ƒôª Matched Keywords: react


­ƒôï Job created: job-mjjt3mp0-e0i9jl


­ƒôØ Stage 1/3: Analyzing requirements...


­ƒöì === OPENROUTER API REQUEST ===
Model: openai/gpt-oss-120b:free

Messages: [
  {
    "role": "system",
    "contentLength": 5497,
    "preview": "You are a technical specification writer. Your job is to transform a user's brief request into a DETAILED, COMPREHENSIVE implementation spec.\n\nCRITICAL: You MUST generate a spec for EXACTLY what the u"
  },
  {
    "role": "user",
    "contentLength": 368,
    "preview": "The user wants you to create a specification for this EXACT request:\n\n\"Emma code me a simple calculator app in react\"\n\nYou MUST create a spec for EXACTLY this request. Use the exact names, features, c"
  }
]

